2026-09-30 10:39:19,518 - aqt.main - INFO - installer 22256 aqtinstall(aqt) v3.3.0 on Python 3.12.0 [CPython MSC v.1935 64 bit (AMD64)]
2026-09-30 10:39:19,519 - aqt.helper - DEBUG - helper 22256 Attempt to download checksum at https://download.qt.io/online/qtsdkrepository/windows_x86/desktop/qt6_683/qt6_683/Updates.xml.sha256
2026-09-30 10:39:24,327 - aqt.helper - DEBUG - helper 22256 Attempt to download checksum at https://download.qt.io/online/qtsdkrepository/windows_x86/extensions/qtwebengine/683/msvc2022_64/Updates.xml.sha256
2026-09-30 10:39:26,352 - aqt.archives - INFO - archives 22256 Found extension qtwebengine
2026-09-30 10:39:26,357 - aqt.helper - DEBUG - helper 22256 Attempt to download checksum at https://download.qt.io/online/qtsdkrepository/windows_x86/extensions/qtpdf/683/msvc2022_64/Updates.xml.sha256
2026-09-30 10:39:29,394 - aqt.archives - INFO - archives 22256 Found extension qtpdf
2026-09-30 10:39:29,412 - aqt.main - ERROR - installer 22256 The packages ['qtdeclarative', 'qtsvg'] were not found while parsing XML of package information!
==============================Suggested follow-up:==============================
* Please use 'aqt list-qt windows desktop --modules 6.8.3 <arch>' to show modules available.
2026-09-30 10:39:34,749 - aqt.helper - DEBUG - helper 17920 Attempt to download checksum at https://download.qt.io/online/qtsdkrepository/windows_x86/desktop/qt6_683/qt6_683/Updates.xml.sha256
2026-09-30 10:39:42,638 - aqt.helper - DEBUG - helper 30612 Attempt to download checksum at https://download.qt.io/online/qtsdkrepository/windows_x86/desktop/qt6_683/qt6_683/Updates.xml.sha256
2026-09-30 10:39:44,977 - aqt.helper - DEBUG - helper 30612 Attempt to download checksum at https://download.qt.io/online/qtsdkrepository/windows_x86/extensions/qtpdf/683/msvc2022_64/Updates.xml.sha256
2026-09-30 10:39:47,460 - aqt.helper - DEBUG - helper 30612 Attempt to download checksum at https://download.qt.io/online/qtsdkrepository/windows_x86/extensions/qtwebengine/683/msvc2022_64/Updates.xml.sha256
2026-09-30 10:39:58,088 - aqt.main - INFO - installer 27980 aqtinstall(aqt) v3.3.0 on Python 3.12.0 [CPython MSC v.1935 64 bit (AMD64)]
2026-09-30 10:39:58,088 - aqt.helper - DEBUG - helper 27980 Attempt to download checksum at https://download.qt.io/online/qtsdkrepository/windows_x86/desktop/qt6_683/qt6_683/Updates.xml.sha256
2026-09-30 10:40:03,190 - aqt.helper - DEBUG - helper 27980 Attempt to download checksum at https://download.qt.io/online/qtsdkrepository/windows_x86/extensions/qtwebengine/683/msvc2022_64/Updates.xml.sha256
2026-09-30 10:40:05,378 - aqt.archives - INFO - archives 27980 Found extension qtwebengine
2026-09-30 10:40:05,379 - aqt.helper - DEBUG - helper 27980 Attempt to download checksum at https://download.qt.io/online/qtsdkrepository/windows_x86/extensions/qtpdf/683/msvc2022_64/Updates.xml.sha256
2026-09-30 10:40:07,419 - aqt.archives - INFO - archives 27980 Found extension qtpdf
2026-09-30 10:40:08,201 - aqt.helper - DEBUG - helper 38856 Attempt to download checksum at https://download.qt.io/online/qtsdkrepository/windows_x86/desktop/qt6_683/qt6_683/qt.qt6.683.addons.qtimageformats.win64_msvc2022_64/6.8.3-0-202503201308qtimageformats-Windows-Windows_11_23H2-MSVC2022-Windows-Windows_11_23H2-X86_64.7z.sha256
2026-09-30 10:40:08,209 - aqt.helper - DEBUG - helper 29100 Attempt to download checksum at https://download.qt.io/online/qtsdkrepository/windows_x86/desktop/qt6_683/qt6_683/qt.qt6.683.addons.qtshadertools.win64_msvc2022_64/6.8.3-0-202503201308qtshadertools-Windows-Windows_11_23H2-MSVC2022-Windows-Windows_11_23H2-X86_64.7z.sha256
2026-09-30 10:40:08,220 - aqt.helper - DEBUG - helper 36584 Attempt to download checksum at https://download.qt.io/online/qtsdkrepository/windows_x86/desktop/qt6_683/qt6_683/qt.qt6.683.win64_msvc2022_64/6.8.3-0-202503201308qtbase-Windows-Windows_11_23H2-MSVC2022-Windows-Windows_11_23H2-X86_64.7z.sha256
2026-09-30 10:40:08,226 - aqt.helper - DEBUG - helper 32156 Attempt to download checksum at https://download.qt.io/online/qtsdkrepository/windows_x86/desktop/qt6_683/qt6_683/qt.qt6.683.win64_msvc2022_64/6.8.3-0-202503201308qtsvg-Windows-Windows_11_23H2-MSVC2022-Windows-Windows_11_23H2-X86_64.7z.sha256
2026-09-30 10:40:09,265 - aqt.helper - INFO - helper 29100 Downloading qtshadertools...
2026-09-30 10:40:09,265 - aqt.installer - DEBUG - installer 29100 Download URL: https://download.qt.io/online/qtsdkrepository/windows_x86/desktop/qt6_683/qt6_683/qt.qt6.683.addons.qtshadertools.win64_msvc2022_64/6.8.3-0-202503201308qtshadertools-Windows-Windows_11_23H2-MSVC2022-Windows-Windows_11_23H2-X86_64.7z
2026-09-30 10:40:09,272 - aqt.helper - INFO - helper 38856 Downloading qtimageformats...
2026-09-30 10:40:09,273 - aqt.installer - DEBUG - installer 38856 Download URL: https://download.qt.io/online/qtsdkrepository/windows_x86/desktop/qt6_683/qt6_683/qt.qt6.683.addons.qtimageformats.win64_msvc2022_64/6.8.3-0-202503201308qtimageformats-Windows-Windows_11_23H2-MSVC2022-Windows-Windows_11_23H2-X86_64.7z
2026-09-30 10:40:09,304 - aqt.helper - INFO - helper 36584 Downloading qtbase...
2026-09-30 10:40:09,304 - aqt.installer - DEBUG - installer 36584 Download URL: https://download.qt.io/online/qtsdkrepository/windows_x86/desktop/qt6_683/qt6_683/qt.qt6.683.win64_msvc2022_64/6.8.3-0-202503201308qtbase-Windows-Windows_11_23H2-MSVC2022-Windows-Windows_11_23H2-X86_64.7z
2026-09-30 10:40:10,186 - aqt.helper - DEBUG - helper 38856 Asked to redirect(302) to: https://mirrors.sau.edu.cn/qt/online/qtsdkrepository/windows_x86/desktop/qt6_683/qt6_683/qt.qt6.683.addons.qtimageformats.win64_msvc2022_64/6.8.3-0-202503201308qtimageformats-Windows-Windows_11_23H2-MSVC2022-Windows-Windows_11_23H2-X86_64.7z
2026-09-30 10:40:10,186 - aqt.helper - INFO - helper 38856 Redirected: mirrors.sau.edu.cn
2026-09-30 10:40:10,247 - aqt.helper - DEBUG - helper 29100 Asked to redirect(302) to: https://mirrors.sau.edu.cn/qt/online/qtsdkrepository/windows_x86/desktop/qt6_683/qt6_683/qt.qt6.683.addons.qtshadertools.win64_msvc2022_64/6.8.3-0-202503201308qtshadertools-Windows-Windows_11_23H2-MSVC2022-Windows-Windows_11_23H2-X86_64.7z
2026-09-30 10:40:10,247 - aqt.helper - INFO - helper 29100 Redirected: mirrors.sau.edu.cn
2026-09-30 10:40:10,308 - aqt.helper - INFO - helper 32156 Downloading qtsvg...
2026-09-30 10:40:10,308 - aqt.installer - DEBUG - installer 32156 Download URL: https://download.qt.io/online/qtsdkrepository/windows_x86/desktop/qt6_683/qt6_683/qt.qt6.683.win64_msvc2022_64/6.8.3-0-202503201308qtsvg-Windows-Windows_11_23H2-MSVC2022-Windows-Windows_11_23H2-X86_64.7z
2026-09-30 10:40:11,171 - aqt.helper - DEBUG - helper 36584 Asked to redirect(302) to: https://mirrors.sau.edu.cn/qt/online/qtsdkrepository/windows_x86/desktop/qt6_683/qt6_683/qt.qt6.683.win64_msvc2022_64/6.8.3-0-202503201308qtbase-Windows-Windows_11_23H2-MSVC2022-Windows-Windows_11_23H2-X86_64.7z
2026-09-30 10:40:11,171 - aqt.helper - INFO - helper 36584 Redirected: mirrors.sau.edu.cn
2026-09-30 10:40:11,343 - aqt.helper - DEBUG - helper 32156 Asked to redirect(302) to: https://mirrors.sau.edu.cn/qt/online/qtsdkrepository/windows_x86/desktop/qt6_683/qt6_683/qt.qt6.683.win64_msvc2022_64/6.8.3-0-202503201308qtsvg-Windows-Windows_11_23H2-MSVC2022-Windows-Windows_11_23H2-X86_64.7z
2026-09-30 10:40:11,344 - aqt.helper - INFO - helper 32156 Redirected: mirrors.sau.edu.cn
2026-09-30 10:40:12,009 - aqt.installer - INFO - installer 38856 Finished installation of qtimageformats-Windows-Windows_11_23H2-MSVC2022-Windows-Windows_11_23H2-X86_64.7z in 3.80861300
2026-09-30 10:40:12,025 - aqt.helper - DEBUG - helper 38856 Attempt to download checksum at https://download.qt.io/online/qtsdkrepository/windows_x86/desktop/qt6_683/qt6_683/qt.qt6.683.win64_msvc2022_64/6.8.3-0-202503201308qtdeclarative-Windows-Windows_11_23H2-MSVC2022-Windows-Windows_11_23H2-X86_64.7z.sha256
2026-09-30 10:40:12,163 - aqt.installer - INFO - installer 32156 Finished installation of qtsvg-Windows-Windows_11_23H2-MSVC2022-Windows-Windows_11_23H2-X86_64.7z in 3.94054370
2026-09-30 10:40:12,174 - aqt.helper - DEBUG - helper 32156 Attempt to download checksum at https://download.qt.io/online/qtsdkrepository/windows_x86/desktop/qt6_683/qt6_683/qt.qt6.683.win64_msvc2022_64/6.8.3-0-202503201308qttools-Windows-Windows_11_23H2-MSVC2022-Windows-Windows_11_23H2-X86_64.7z.sha256
2026-09-30 10:40:12,933 - aqt.helper - INFO - helper 38856 Downloading qtdeclarative...
2026-09-30 10:40:12,933 - aqt.installer - DEBUG - installer 38856 Download URL: https://download.qt.io/online/qtsdkrepository/windows_x86/desktop/qt6_683/qt6_683/qt.qt6.683.win64_msvc2022_64/6.8.3-0-202503201308qtdeclarative-Windows-Windows_11_23H2-MSVC2022-Windows-Windows_11_23H2-X86_64.7z
2026-09-30 10:40:13,094 - aqt.helper - INFO - helper 32156 Downloading qttools...
2026-09-30 10:40:13,094 - aqt.installer - DEBUG - installer 32156 Download URL: https://download.qt.io/online/qtsdkrepository/windows_x86/desktop/qt6_683/qt6_683/qt.qt6.683.win64_msvc2022_64/6.8.3-0-202503201308qttools-Windows-Windows_11_23H2-MSVC2022-Windows-Windows_11_23H2-X86_64.7z
2026-09-30 10:40:13,985 - aqt.helper - DEBUG - helper 38856 Asked to redirect(302) to: https://mirrors.sau.edu.cn/qt/online/qtsdkrepository/windows_x86/desktop/qt6_683/qt6_683/qt.qt6.683.win64_msvc2022_64/6.8.3-0-202503201308qtdeclarative-Windows-Windows_11_23H2-MSVC2022-Windows-Windows_11_23H2-X86_64.7z
2026-09-30 10:40:13,985 - aqt.helper - INFO - helper 38856 Redirected: mirrors.sau.edu.cn
2026-09-30 10:40:14,172 - aqt.helper - DEBUG - helper 32156 Asked to redirect(302) to: https://mirrors.sau.edu.cn/qt/online/qtsdkrepository/windows_x86/desktop/qt6_683/qt6_683/qt.qt6.683.win64_msvc2022_64/6.8.3-0-202503201308qttools-Windows-Windows_11_23H2-MSVC2022-Windows-Windows_11_23H2-X86_64.7z
2026-09-30 10:40:14,172 - aqt.helper - INFO - helper 32156 Redirected: mirrors.sau.edu.cn
2026-09-30 10:40:14,581 - aqt.installer - INFO - installer 29100 Finished installation of qtshadertools-Windows-Windows_11_23H2-MSVC2022-Windows-Windows_11_23H2-X86_64.7z in 6.37310860
2026-09-30 10:40:14,589 - aqt.helper - DEBUG - helper 29100 Attempt to download checksum at https://download.qt.io/online/qtsdkrepository/windows_x86/desktop/qt6_683/qt6_683/qt.qt6.683.win64_msvc2022_64/6.8.3-0-202503201308qttranslations-Windows-Windows_11_23H2-MSVC2022-Windows-Windows_11_23H2-X86_64.7z.sha256
2026-09-30 10:40:15,634 - aqt.helper - INFO - helper 29100 Downloading qttranslations...
2026-09-30 10:40:15,634 - aqt.installer - DEBUG - installer 29100 Download URL: https://download.qt.io/online/qtsdkrepository/windows_x86/desktop/qt6_683/qt6_683/qt.qt6.683.win64_msvc2022_64/6.8.3-0-202503201308qttranslations-Windows-Windows_11_23H2-MSVC2022-Windows-Windows_11_23H2-X86_64.7z
2026-09-30 10:40:17,498 - aqt.helper - DEBUG - helper 29100 Asked to redirect(302) to: https://mirrors.sau.edu.cn/qt/online/qtsdkrepository/windows_x86/desktop/qt6_683/qt6_683/qt.qt6.683.win64_msvc2022_64/6.8.3-0-202503201308qttranslations-Windows-Windows_11_23H2-MSVC2022-Windows-Windows_11_23H2-X86_64.7z
2026-09-30 10:40:17,498 - aqt.helper - INFO - helper 29100 Redirected: mirrors.sau.edu.cn
2026-09-30 10:40:18,723 - aqt.installer - INFO - installer 29100 Finished installation of qttranslations-Windows-Windows_11_23H2-MSVC2022-Windows-Windows_11_23H2-X86_64.7z in 4.13544000
2026-09-30 10:40:18,735 - aqt.helper - DEBUG - helper 29100 Attempt to download checksum at https://download.qt.io/online/qtsdkrepository/windows_x86/desktop/qt6_683/qt6_683/qt.qt6.683.win64_msvc2022_64/6.8.3-0-202503201308d3dcompiler_47-x64.7z.sha256
2026-09-30 10:40:19,800 - aqt.helper - INFO - helper 29100 Downloading d3dcompiler_47...
2026-09-30 10:40:19,800 - aqt.installer - DEBUG - installer 29100 Download URL: https://download.qt.io/online/qtsdkrepository/windows_x86/desktop/qt6_683/qt6_683/qt.qt6.683.win64_msvc2022_64/6.8.3-0-202503201308d3dcompiler_47-x64.7z
2026-09-30 10:40:20,863 - aqt.helper - DEBUG - helper 29100 Asked to redirect(302) to: https://mirrors.sau.edu.cn/qt/online/qtsdkrepository/windows_x86/desktop/qt6_683/qt6_683/qt.qt6.683.win64_msvc2022_64/6.8.3-0-202503201308d3dcompiler_47-x64.7z
2026-09-30 10:40:20,863 - aqt.helper - INFO - helper 29100 Redirected: mirrors.sau.edu.cn
2026-09-30 10:40:26,356 - aqt.installer - INFO - installer 29100 Finished installation of d3dcompiler_47-x64.7z in 7.62145890
2026-09-30 10:40:26,367 - aqt.helper - DEBUG - helper 29100 Attempt to download checksum at https://download.qt.io/online/qtsdkrepository/windows_x86/desktop/qt6_683/qt6_683/qt.qt6.683.win64_msvc2022_64/6.8.3-0-202503201308opengl32sw-64-mesa_11_2_2-signed_sha256.7z.sha256
2026-09-30 10:40:27,178 - aqt.helper - INFO - helper 29100 Downloading opengl32sw...
2026-09-30 10:40:27,178 - aqt.installer - DEBUG - installer 29100 Download URL: https://download.qt.io/online/qtsdkrepository/windows_x86/desktop/qt6_683/qt6_683/qt.qt6.683.win64_msvc2022_64/6.8.3-0-202503201308opengl32sw-64-mesa_11_2_2-signed_sha256.7z
2026-09-30 10:40:28,169 - aqt.helper - DEBUG - helper 29100 Asked to redirect(302) to: https://mirrors.sau.edu.cn/qt/online/qtsdkrepository/windows_x86/desktop/qt6_683/qt6_683/qt.qt6.683.win64_msvc2022_64/6.8.3-0-202503201308opengl32sw-64-mesa_11_2_2-signed_sha256.7z
2026-09-30 10:40:28,169 - aqt.helper - INFO - helper 29100 Redirected: mirrors.sau.edu.cn
2026-09-30 10:40:30,170 - aqt.installer - INFO - installer 32156 Finished installation of qttools-Windows-Windows_11_23H2-MSVC2022-Windows-Windows_11_23H2-X86_64.7z in 17.99744240
2026-09-30 10:40:32,654 - aqt.installer - INFO - installer 29100 Finished installation of opengl32sw-64-mesa_11_2_2-signed_sha256.7z in 6.28868890
2026-09-30 10:40:47,916 - aqt.installer - INFO - installer 36584 Finished installation of qtbase-Windows-Windows_11_23H2-MSVC2022-Windows-Windows_11_23H2-X86_64.7z in 39.69848920
2026-09-30 10:42:16,868 - aqt.installer - INFO - installer 38856 Finished installation of qtdeclarative-Windows-Windows_11_23H2-MSVC2022-Windows-Windows_11_23H2-X86_64.7z in 124.84728010
2026-09-30 10:42:17,186 - aqt.updater - INFO - updater 27980 Patching D:\Qt\6.8.3\msvc2022_64\bin\qmake.exe
2026-09-30 10:42:17,191 - aqt.updater - INFO - updater 27980 Patching D:\Qt\6.8.3\msvc2022_64\lib\Qt6Concurrent.prl
2026-09-30 10:42:17,196 - aqt.updater - INFO - updater 27980 Patching D:\Qt\6.8.3\msvc2022_64\lib\Qt6Concurrentd.prl
2026-09-30 10:42:17,202 - aqt.updater - INFO - updater 27980 Patching D:\Qt\6.8.3\msvc2022_64\lib\Qt6Core.prl
2026-09-30 10:42:17,212 - aqt.updater - INFO - updater 27980 Patching D:\Qt\6.8.3\msvc2022_64\lib\Qt6Cored.prl
2026-09-30 10:42:17,219 - aqt.updater - INFO - updater 27980 Patching D:\Qt\6.8.3\msvc2022_64\lib\Qt6DBus.prl
2026-09-30 10:42:17,225 - aqt.updater - INFO - updater 27980 Patching D:\Qt\6.8.3\msvc2022_64\lib\Qt6DBusd.prl
2026-09-30 10:42:17,230 - aqt.updater - INFO - updater 27980 Patching D:\Qt\6.8.3\msvc2022_64\lib\Qt6Designer.prl
2026-09-30 10:42:17,236 - aqt.updater - INFO - updater 27980 Patching D:\Qt\6.8.3\msvc2022_64\lib\Qt6DesignerComponents.prl
2026-09-30 10:42:17,241 - aqt.updater - INFO - updater 27980 Patching D:\Qt\6.8.3\msvc2022_64\lib\Qt6DesignerComponentsd.prl
2026-09-30 10:42:17,246 - aqt.updater - INFO - updater 27980 Patching D:\Qt\6.8.3\msvc2022_64\lib\Qt6Designerd.prl
2026-09-30 10:42:17,252 - aqt.updater - INFO - updater 27980 Patching D:\Qt\6.8.3\msvc2022_64\lib\Qt6DeviceDiscoverySupport.prl
2026-09-30 10:42:17,257 - aqt.updater - INFO - updater 27980 Patching D:\Qt\6.8.3\msvc2022_64\lib\Qt6DeviceDiscoverySupportd.prl
2026-09-30 10:42:17,261 - aqt.updater - INFO - updater 27980 Patching D:\Qt\6.8.3\msvc2022_64\lib\Qt6EntryPoint.prl
2026-09-30 10:42:17,266 - aqt.updater - INFO - updater 27980 Patching D:\Qt\6.8.3\msvc2022_64\lib\Qt6EntryPointd.prl
2026-09-30 10:42:17,271 - aqt.updater - INFO - updater 27980 Patching D:\Qt\6.8.3\msvc2022_64\lib\Qt6ExampleIcons.prl
2026-09-30 10:42:17,277 - aqt.updater - INFO - updater 27980 Patching D:\Qt\6.8.3\msvc2022_64\lib\Qt6ExampleIconsd.prl
2026-09-30 10:42:17,282 - aqt.updater - INFO - updater 27980 Patching D:\Qt\6.8.3\msvc2022_64\lib\Qt6ExamplesAssetDownloader.prl
2026-09-30 10:42:17,288 - aqt.updater - INFO - updater 27980 Patching D:\Qt\6.8.3\msvc2022_64\lib\Qt6ExamplesAssetDownloaderd.prl
2026-09-30 10:42:17,294 - aqt.updater - INFO - updater 27980 Patching D:\Qt\6.8.3\msvc2022_64\lib\Qt6FbSupport.prl
2026-09-30 10:42:17,301 - aqt.updater - INFO - updater 27980 Patching D:\Qt\6.8.3\msvc2022_64\lib\Qt6FbSupportd.prl
2026-09-30 10:42:17,308 - aqt.updater - INFO - updater 27980 Patching D:\Qt\6.8.3\msvc2022_64\lib\Qt6Gui.prl
2026-09-30 10:42:17,315 - aqt.updater - INFO - updater 27980 Patching D:\Qt\6.8.3\msvc2022_64\lib\Qt6Guid.prl
2026-09-30 10:42:17,321 - aqt.updater - INFO - updater 27980 Patching D:\Qt\6.8.3\msvc2022_64\lib\Qt6Help.prl
2026-09-30 10:42:17,326 - aqt.updater - INFO - updater 27980 Patching D:\Qt\6.8.3\msvc2022_64\lib\Qt6Helpd.prl
2026-09-30 10:42:17,331 - aqt.updater - INFO - updater 27980 Patching D:\Qt\6.8.3\msvc2022_64\lib\Qt6LabsAnimation.prl
2026-09-30 10:42:17,337 - aqt.updater - INFO - updater 27980 Patching D:\Qt\6.8.3\msvc2022_64\lib\Qt6LabsAnimationd.prl
2026-09-30 10:42:17,341 - aqt.updater - INFO - updater 27980 Patching D:\Qt\6.8.3\msvc2022_64\lib\Qt6LabsFolderListModel.prl
2026-09-30 10:42:17,345 - aqt.updater - INFO - updater 27980 Patching D:\Qt\6.8.3\msvc2022_64\lib\Qt6LabsFolderListModeld.prl
2026-09-30 10:42:17,350 - aqt.updater - INFO - updater 27980 Patching D:\Qt\6.8.3\msvc2022_64\lib\Qt6LabsPlatform.prl
2026-09-30 10:42:17,355 - aqt.updater - INFO - updater 27980 Patching D:\Qt\6.8.3\msvc2022_64\lib\Qt6LabsPlatformd.prl
2026-09-30 10:42:17,359 - aqt.updater - INFO - updater 27980 Patching D:\Qt\6.8.3\msvc2022_64\lib\Qt6LabsQmlModels.prl
2026-09-30 10:42:17,363 - aqt.updater - INFO - updater 27980 Patching D:\Qt\6.8.3\msvc2022_64\lib\Qt6LabsQmlModelsd.prl
2026-09-30 10:42:17,368 - aqt.updater - INFO - updater 27980 Patching D:\Qt\6.8.3\msvc2022_64\lib\Qt6LabsSettings.prl
2026-09-30 10:42:17,373 - aqt.updater - INFO - updater 27980 Patching D:\Qt\6.8.3\msvc2022_64\lib\Qt6LabsSettingsd.prl
2026-09-30 10:42:17,377 - aqt.updater - INFO - updater 27980 Patching D:\Qt\6.8.3\msvc2022_64\lib\Qt6LabsSharedImage.prl
2026-09-30 10:42:17,382 - aqt.updater - INFO - updater 27980 Patching D:\Qt\6.8.3\msvc2022_64\lib\Qt6LabsSharedImaged.prl
2026-09-30 10:42:17,389 - aqt.updater - INFO - updater 27980 Patching D:\Qt\6.8.3\msvc2022_64\lib\Qt6LabsWavefrontMesh.prl
2026-09-30 10:42:17,398 - aqt.updater - INFO - updater 27980 Patching D:\Qt\6.8.3\msvc2022_64\lib\Qt6LabsWavefrontMeshd.prl
2026-09-30 10:42:17,403 - aqt.updater - INFO - updater 27980 Patching D:\Qt\6.8.3\msvc2022_64\lib\Qt6Network.prl
2026-09-30 10:42:17,410 - aqt.updater - INFO - updater 27980 Patching D:\Qt\6.8.3\msvc2022_64\lib\Qt6Networkd.prl
2026-09-30 10:42:17,415 - aqt.updater - INFO - updater 27980 Patching D:\Qt\6.8.3\msvc2022_64\lib\Qt6OpenGL.prl
2026-09-30 10:42:17,422 - aqt.updater - INFO - updater 27980 Patching D:\Qt\6.8.3\msvc2022_64\lib\Qt6OpenGLd.prl
2026-09-30 10:42:17,427 - aqt.updater - INFO - updater 27980 Patching D:\Qt\6.8.3\msvc2022_64\lib\Qt6OpenGLWidgets.prl
2026-09-30 10:42:17,433 - aqt.updater - INFO - updater 27980 Patching D:\Qt\6.8.3\msvc2022_64\lib\Qt6OpenGLWidgetsd.prl
2026-09-30 10:42:17,440 - aqt.updater - INFO - updater 27980 Patching D:\Qt\6.8.3\msvc2022_64\lib\Qt6PacketProtocol.prl
2026-09-30 10:42:17,447 - aqt.updater - INFO - updater 27980 Patching D:\Qt\6.8.3\msvc2022_64\lib\Qt6PacketProtocold.prl
2026-09-30 10:42:17,451 - aqt.updater - INFO - updater 27980 Patching D:\Qt\6.8.3\msvc2022_64\lib\Qt6PrintSupport.prl
2026-09-30 10:42:17,460 - aqt.updater - INFO - updater 27980 Patching D:\Qt\6.8.3\msvc2022_64\lib\Qt6PrintSupportd.prl
2026-09-30 10:42:17,468 - aqt.updater - INFO - updater 27980 Patching D:\Qt\6.8.3\msvc2022_64\lib\Qt6Qml.prl
2026-09-30 10:42:17,479 - aqt.updater - INFO - updater 27980 Patching D:\Qt\6.8.3\msvc2022_64\lib\Qt6QmlAssetDownloader.prl
2026-09-30 10:42:17,489 - aqt.updater - INFO - updater 27980 Patching D:\Qt\6.8.3\msvc2022_64\lib\Qt6QmlAssetDownloaderd.prl
2026-09-30 10:42:17,495 - aqt.updater - INFO - updater 27980 Patching D:\Qt\6.8.3\msvc2022_64\lib\Qt6QmlCompiler.prl
2026-09-30 10:42:17,501 - aqt.updater - INFO - updater 27980 Patching D:\Qt\6.8.3\msvc2022_64\lib\Qt6QmlCompilerd.prl
2026-09-30 10:42:17,507 - aqt.updater - INFO - updater 27980 Patching D:\Qt\6.8.3\msvc2022_64\lib\Qt6QmlCore.prl
2026-09-30 10:42:17,513 - aqt.updater - INFO - updater 27980 Patching D:\Qt\6.8.3\msvc2022_64\lib\Qt6QmlCored.prl
2026-09-30 10:42:17,532 - aqt.updater - INFO - updater 27980 Patching D:\Qt\6.8.3\msvc2022_64\lib\Qt6Qmld.prl
2026-09-30 10:42:17,544 - aqt.updater - INFO - updater 27980 Patching D:\Qt\6.8.3\msvc2022_64\lib\Qt6QmlDebug.prl
2026-09-30 10:42:17,551 - aqt.updater - INFO - updater 27980 Patching D:\Qt\6.8.3\msvc2022_64\lib\Qt6QmlDebugd.prl
2026-09-30 10:42:17,562 - aqt.updater - INFO - updater 27980 Patching D:\Qt\6.8.3\msvc2022_64\lib\Qt6QmlDom.prl
2026-09-30 10:42:17,577 - aqt.updater - INFO - updater 27980 Patching D:\Qt\6.8.3\msvc2022_64\lib\Qt6QmlDomd.prl
2026-09-30 10:42:17,589 - aqt.updater - INFO - updater 27980 Patching D:\Qt\6.8.3\msvc2022_64\lib\Qt6QmlLocalStorage.prl
2026-09-30 10:42:17,597 - aqt.updater - INFO - updater 27980 Patching D:\Qt\6.8.3\msvc2022_64\lib\Qt6QmlLocalStoraged.prl
2026-09-30 10:42:17,604 - aqt.updater - INFO - updater 27980 Patching D:\Qt\6.8.3\msvc2022_64\lib\Qt6QmlLS.prl
2026-09-30 10:42:17,611 - aqt.updater - INFO - updater 27980 Patching D:\Qt\6.8.3\msvc2022_64\lib\Qt6QmlLSd.prl
2026-09-30 10:42:17,616 - aqt.updater - INFO - updater 27980 Patching D:\Qt\6.8.3\msvc2022_64\lib\Qt6QmlMeta.prl
2026-09-30 10:42:17,621 - aqt.updater - INFO - updater 27980 Patching D:\Qt\6.8.3\msvc2022_64\lib\Qt6QmlMetad.prl
2026-09-30 10:42:17,625 - aqt.updater - INFO - updater 27980 Patching D:\Qt\6.8.3\msvc2022_64\lib\Qt6QmlModels.prl
2026-09-30 10:42:17,631 - aqt.updater - INFO - updater 27980 Patching D:\Qt\6.8.3\msvc2022_64\lib\Qt6QmlModelsd.prl
2026-09-30 10:42:17,636 - aqt.updater - INFO - updater 27980 Patching D:\Qt\6.8.3\msvc2022_64\lib\Qt6QmlNetwork.prl
2026-09-30 10:42:17,646 - aqt.updater - INFO - updater 27980 Patching D:\Qt\6.8.3\msvc2022_64\lib\Qt6QmlNetworkd.prl
2026-09-30 10:42:17,655 - aqt.updater - INFO - updater 27980 Patching D:\Qt\6.8.3\msvc2022_64\lib\Qt6QmlToolingSettings.prl
2026-09-30 10:42:17,665 - aqt.updater - INFO - updater 27980 Patching D:\Qt\6.8.3\msvc2022_64\lib\Qt6QmlToolingSettingsd.prl
2026-09-30 10:42:17,673 - aqt.updater - INFO - updater 27980 Patching D:\Qt\6.8.3\msvc2022_64\lib\Qt6QmlTypeRegistrar.prl
2026-09-30 10:42:17,682 - aqt.updater - INFO - updater 27980 Patching D:\Qt\6.8.3\msvc2022_64\lib\Qt6QmlTypeRegistrard.prl
2026-09-30 10:42:17,687 - aqt.updater - INFO - updater 27980 Patching D:\Qt\6.8.3\msvc2022_64\lib\Qt6QmlWorkerScript.prl
2026-09-30 10:42:17,693 - aqt.updater - INFO - updater 27980 Patching D:\Qt\6.8.3\msvc2022_64\lib\Qt6QmlWorkerScriptd.prl
2026-09-30 10:42:17,700 - aqt.updater - INFO - updater 27980 Patching D:\Qt\6.8.3\msvc2022_64\lib\Qt6QmlXmlListModel.prl
2026-09-30 10:42:17,706 - aqt.updater - INFO - updater 27980 Patching D:\Qt\6.8.3\msvc2022_64\lib\Qt6QmlXmlListModeld.prl
2026-09-30 10:42:17,710 - aqt.updater - INFO - updater 27980 Patching D:\Qt\6.8.3\msvc2022_64\lib\Qt6Quick.prl
2026-09-30 10:42:17,716 - aqt.updater - INFO - updater 27980 Patching D:\Qt\6.8.3\msvc2022_64\lib\Qt6QuickControls2.prl
2026-09-30 10:42:17,721 - aqt.updater - INFO - updater 27980 Patching D:\Qt\6.8.3\msvc2022_64\lib\Qt6QuickControls2Basic.prl
2026-09-30 10:42:17,727 - aqt.updater - INFO - updater 27980 Patching D:\Qt\6.8.3\msvc2022_64\lib\Qt6QuickControls2Basicd.prl
2026-09-30 10:42:17,733 - aqt.updater - INFO - updater 27980 Patching D:\Qt\6.8.3\msvc2022_64\lib\Qt6QuickControls2BasicStyleImpl.prl
2026-09-30 10:42:17,739 - aqt.updater - INFO - updater 27980 Patching D:\Qt\6.8.3\msvc2022_64\lib\Qt6QuickControls2BasicStyleImpld.prl
2026-09-30 10:42:17,744 - aqt.updater - INFO - updater 27980 Patching D:\Qt\6.8.3\msvc2022_64\lib\Qt6QuickControls2d.prl
2026-09-30 10:42:17,748 - aqt.updater - INFO - updater 27980 Patching D:\Qt\6.8.3\msvc2022_64\lib\Qt6QuickControls2FluentWinUI3StyleImpl.prl
2026-09-30 10:42:17,753 - aqt.updater - INFO - updater 27980 Patching D:\Qt\6.8.3\msvc2022_64\lib\Qt6QuickControls2FluentWinUI3StyleImpld.prl
2026-09-30 10:42:17,758 - aqt.updater - INFO - updater 27980 Patching D:\Qt\6.8.3\msvc2022_64\lib\Qt6QuickControls2Fusion.prl
2026-09-30 10:42:17,766 - aqt.updater - INFO - updater 27980 Patching D:\Qt\6.8.3\msvc2022_64\lib\Qt6QuickControls2Fusiond.prl
2026-09-30 10:42:17,776 - aqt.updater - INFO - updater 27980 Patching D:\Qt\6.8.3\msvc2022_64\lib\Qt6QuickControls2FusionStyleImpl.prl
2026-09-30 10:42:17,780 - aqt.updater - INFO - updater 27980 Patching D:\Qt\6.8.3\msvc2022_64\lib\Qt6QuickControls2FusionStyleImpld.prl
2026-09-30 10:42:17,785 - aqt.updater - INFO - updater 27980 Patching D:\Qt\6.8.3\msvc2022_64\lib\Qt6QuickControls2Imagine.prl
2026-09-30 10:42:17,790 - aqt.updater - INFO - updater 27980 Patching D:\Qt\6.8.3\msvc2022_64\lib\Qt6QuickControls2Imagined.prl
2026-09-30 10:42:17,796 - aqt.updater - INFO - updater 27980 Patching D:\Qt\6.8.3\msvc2022_64\lib\Qt6QuickControls2ImagineStyleImpl.prl
2026-09-30 10:42:17,804 - aqt.updater - INFO - updater 27980 Patching D:\Qt\6.8.3\msvc2022_64\lib\Qt6QuickControls2ImagineStyleImpld.prl
2026-09-30 10:42:17,809 - aqt.updater - INFO - updater 27980 Patching D:\Qt\6.8.3\msvc2022_64\lib\Qt6QuickControls2Impl.prl
2026-09-30 10:42:17,815 - aqt.updater - INFO - updater 27980 Patching D:\Qt\6.8.3\msvc2022_64\lib\Qt6QuickControls2Impld.prl
2026-09-30 10:42:17,821 - aqt.updater - INFO - updater 27980 Patching D:\Qt\6.8.3\msvc2022_64\lib\Qt6QuickControls2Material.prl
2026-09-30 10:42:17,828 - aqt.updater - INFO - updater 27980 Patching D:\Qt\6.8.3\msvc2022_64\lib\Qt6QuickControls2Materiald.prl
2026-09-30 10:42:17,833 - aqt.updater - INFO - updater 27980 Patching D:\Qt\6.8.3\msvc2022_64\lib\Qt6QuickControls2MaterialStyleImpl.prl
2026-09-30 10:42:17,839 - aqt.updater - INFO - updater 27980 Patching D:\Qt\6.8.3\msvc2022_64\lib\Qt6QuickControls2MaterialStyleImpld.prl
2026-09-30 10:42:17,847 - aqt.updater - INFO - updater 27980 Patching D:\Qt\6.8.3\msvc2022_64\lib\Qt6QuickControls2Universal.prl
2026-09-30 10:42:17,852 - aqt.updater - INFO - updater 27980 Patching D:\Qt\6.8.3\msvc2022_64\lib\Qt6QuickControls2Universald.prl
2026-09-30 10:42:17,859 - aqt.updater - INFO - updater 27980 Patching D:\Qt\6.8.3\msvc2022_64\lib\Qt6QuickControls2UniversalStyleImpl.prl
2026-09-30 10:42:17,864 - aqt.updater - INFO - updater 27980 Patching D:\Qt\6.8.3\msvc2022_64\lib\Qt6QuickControls2UniversalStyleImpld.prl
2026-09-30 10:42:17,870 - aqt.updater - INFO - updater 27980 Patching D:\Qt\6.8.3\msvc2022_64\lib\Qt6QuickControls2WindowsStyleImpl.prl
2026-09-30 10:42:17,875 - aqt.updater - INFO - updater 27980 Patching D:\Qt\6.8.3\msvc2022_64\lib\Qt6QuickControls2WindowsStyleImpld.prl
2026-09-30 10:42:17,880 - aqt.updater - INFO - updater 27980 Patching D:\Qt\6.8.3\msvc2022_64\lib\Qt6QuickControlsTestUtils.prl
2026-09-30 10:42:17,887 - aqt.updater - INFO - updater 27980 Patching D:\Qt\6.8.3\msvc2022_64\lib\Qt6QuickControlsTestUtilsd.prl
2026-09-30 10:42:17,895 - aqt.updater - INFO - updater 27980 Patching D:\Qt\6.8.3\msvc2022_64\lib\Qt6Quickd.prl
2026-09-30 10:42:17,903 - aqt.updater - INFO - updater 27980 Patching D:\Qt\6.8.3\msvc2022_64\lib\Qt6QuickDialogs2.prl
2026-09-30 10:42:17,911 - aqt.updater - INFO - updater 27980 Patching D:\Qt\6.8.3\msvc2022_64\lib\Qt6QuickDialogs2d.prl
2026-09-30 10:42:17,919 - aqt.updater - INFO - updater 27980 Patching D:\Qt\6.8.3\msvc2022_64\lib\Qt6QuickDialogs2QuickImpl.prl
2026-09-30 10:42:17,924 - aqt.updater - INFO - updater 27980 Patching D:\Qt\6.8.3\msvc2022_64\lib\Qt6QuickDialogs2QuickImpld.prl
2026-09-30 10:42:17,928 - aqt.updater - INFO - updater 27980 Patching D:\Qt\6.8.3\msvc2022_64\lib\Qt6QuickDialogs2Utils.prl
2026-09-30 10:42:17,932 - aqt.updater - INFO - updater 27980 Patching D:\Qt\6.8.3\msvc2022_64\lib\Qt6QuickDialogs2Utilsd.prl
2026-09-30 10:42:17,943 - aqt.updater - INFO - updater 27980 Patching D:\Qt\6.8.3\msvc2022_64\lib\Qt6QuickEffects.prl
2026-09-30 10:42:17,948 - aqt.updater - INFO - updater 27980 Patching D:\Qt\6.8.3\msvc2022_64\lib\Qt6QuickEffectsd.prl
2026-09-30 10:42:17,953 - aqt.updater - INFO - updater 27980 Patching D:\Qt\6.8.3\msvc2022_64\lib\Qt6QuickLayouts.prl
2026-09-30 10:42:17,957 - aqt.updater - INFO - updater 27980 Patching D:\Qt\6.8.3\msvc2022_64\lib\Qt6QuickLayoutsd.prl
2026-09-30 10:42:17,962 - aqt.updater - INFO - updater 27980 Patching D:\Qt\6.8.3\msvc2022_64\lib\Qt6QuickParticles.prl
2026-09-30 10:42:17,967 - aqt.updater - INFO - updater 27980 Patching D:\Qt\6.8.3\msvc2022_64\lib\Qt6QuickParticlesd.prl
2026-09-30 10:42:17,975 - aqt.updater - INFO - updater 27980 Patching D:\Qt\6.8.3\msvc2022_64\lib\Qt6QuickShapes.prl
2026-09-30 10:42:17,980 - aqt.updater - INFO - updater 27980 Patching D:\Qt\6.8.3\msvc2022_64\lib\Qt6QuickShapesd.prl
2026-09-30 10:42:17,989 - aqt.updater - INFO - updater 27980 Patching D:\Qt\6.8.3\msvc2022_64\lib\Qt6QuickTemplates2.prl
2026-09-30 10:42:17,996 - aqt.updater - INFO - updater 27980 Patching D:\Qt\6.8.3\msvc2022_64\lib\Qt6QuickTemplates2d.prl
2026-09-30 10:42:18,002 - aqt.updater - INFO - updater 27980 Patching D:\Qt\6.8.3\msvc2022_64\lib\Qt6QuickTest.prl
2026-09-30 10:42:18,006 - aqt.updater - INFO - updater 27980 Patching D:\Qt\6.8.3\msvc2022_64\lib\Qt6QuickTestd.prl
2026-09-30 10:42:18,011 - aqt.updater - INFO - updater 27980 Patching D:\Qt\6.8.3\msvc2022_64\lib\Qt6QuickTestUtils.prl
2026-09-30 10:42:18,017 - aqt.updater - INFO - updater 27980 Patching D:\Qt\6.8.3\msvc2022_64\lib\Qt6QuickTestUtilsd.prl
2026-09-30 10:42:18,022 - aqt.updater - INFO - updater 27980 Patching D:\Qt\6.8.3\msvc2022_64\lib\Qt6QuickVectorImage.prl
2026-09-30 10:42:18,027 - aqt.updater - INFO - updater 27980 Patching D:\Qt\6.8.3\msvc2022_64\lib\Qt6QuickVectorImaged.prl
2026-09-30 10:42:18,032 - aqt.updater - INFO - updater 27980 Patching D:\Qt\6.8.3\msvc2022_64\lib\Qt6QuickVectorImageGenerator.prl
2026-09-30 10:42:18,038 - aqt.updater - INFO - updater 27980 Patching D:\Qt\6.8.3\msvc2022_64\lib\Qt6QuickVectorImageGeneratord.prl
2026-09-30 10:42:18,043 - aqt.updater - INFO - updater 27980 Patching D:\Qt\6.8.3\msvc2022_64\lib\Qt6QuickWidgets.prl
2026-09-30 10:42:18,048 - aqt.updater - INFO - updater 27980 Patching D:\Qt\6.8.3\msvc2022_64\lib\Qt6QuickWidgetsd.prl
2026-09-30 10:42:18,053 - aqt.updater - INFO - updater 27980 Patching D:\Qt\6.8.3\msvc2022_64\lib\Qt6ShaderTools.prl
2026-09-30 10:42:18,059 - aqt.updater - INFO - updater 27980 Patching D:\Qt\6.8.3\msvc2022_64\lib\Qt6ShaderToolsd.prl
2026-09-30 10:42:18,064 - aqt.updater - INFO - updater 27980 Patching D:\Qt\6.8.3\msvc2022_64\lib\Qt6Sql.prl
2026-09-30 10:42:18,069 - aqt.updater - INFO - updater 27980 Patching D:\Qt\6.8.3\msvc2022_64\lib\Qt6Sqld.prl
2026-09-30 10:42:18,074 - aqt.updater - INFO - updater 27980 Patching D:\Qt\6.8.3\msvc2022_64\lib\Qt6Svg.prl
2026-09-30 10:42:18,079 - aqt.updater - INFO - updater 27980 Patching D:\Qt\6.8.3\msvc2022_64\lib\Qt6Svgd.prl
2026-09-30 10:42:18,084 - aqt.updater - INFO - updater 27980 Patching D:\Qt\6.8.3\msvc2022_64\lib\Qt6SvgWidgets.prl
2026-09-30 10:42:18,090 - aqt.updater - INFO - updater 27980 Patching D:\Qt\6.8.3\msvc2022_64\lib\Qt6SvgWidgetsd.prl
2026-09-30 10:42:18,094 - aqt.updater - INFO - updater 27980 Patching D:\Qt\6.8.3\msvc2022_64\lib\Qt6Test.prl
2026-09-30 10:42:18,100 - aqt.updater - INFO - updater 27980 Patching D:\Qt\6.8.3\msvc2022_64\lib\Qt6Testd.prl
2026-09-30 10:42:18,105 - aqt.updater - INFO - updater 27980 Patching D:\Qt\6.8.3\msvc2022_64\lib\Qt6UiTools.prl
2026-09-30 10:42:18,110 - aqt.updater - INFO - updater 27980 Patching D:\Qt\6.8.3\msvc2022_64\lib\Qt6UiToolsd.prl
2026-09-30 10:42:18,115 - aqt.updater - INFO - updater 27980 Patching D:\Qt\6.8.3\msvc2022_64\lib\Qt6Widgets.prl
2026-09-30 10:42:18,120 - aqt.updater - INFO - updater 27980 Patching D:\Qt\6.8.3\msvc2022_64\lib\Qt6Widgetsd.prl
2026-09-30 10:42:18,125 - aqt.updater - INFO - updater 27980 Patching D:\Qt\6.8.3\msvc2022_64\lib\Qt6Xml.prl
2026-09-30 10:42:18,129 - aqt.updater - INFO - updater 27980 Patching D:\Qt\6.8.3\msvc2022_64\lib\Qt6Xmld.prl
2026-09-30 10:42:18,135 - aqt.main - INFO - installer 27980 Finished installation
2026-09-30 10:42:18,135 - aqt.main - INFO - installer 27980 Time elapsed: 140.04696000 second
